 INTERP/80 VERS 2.2
  
  
 9 LOAD OK
  
  
 HEX BASE OK
  
  
 000000Q 00000 0000H  BLOCK01
 000007Q 00007 0007H  A
 000000Q 00000 0000H  B
 000001Q 00001 0001H  C
 000002Q 00002 0002H  D
 000411Q 00265 0109H  DONE
 000003Q 00003 0003H  E
 000004Q 00004 0004H  H
 000005Q 00005 0005H  L
 000404Q 00260 0104H  L1
 000006Q 00006 0006H  M
 000006Q 00006 0006H  PSW
 000006Q 00006 0006H  SP
 000400Q 00256 0100H  START
  
  
 0100H MVI A    01H      MVI B    02H      MVI C    03H      MVI D    04H
 0108H HLT      NOP      NOP      NOP      NOP      NOP      NOP      NOP
  
  
 REFER OK
  
  
 SET OK
  
  
 CYZSP  A   B   C   D   E   H   L    HL    SP    PC
 *0000*00H*00H*00H*00H*00H*00H*00H*0000H*0000H*0100H
  
  
 GO OK
 REFER AT 104H=L1
  
  
 CYZSP  A   B   C   D   E   H   L    HL    SP    PC
  0000*01H*02H 00H 00H 00H 00H 00H 0000H 0000H*0104H
  
  
 GO OK
 HLT CYCLE 29
  
  
 CYZSP  A   B   C   D   E   H   L    HL    SP    PC
  0000 01H 02H*03H*04H 00H 00H 00H 0000H 0000H*0109H
  
  
